// Jest Snapshot v1, https://goo.gl/fbAQLP

exports[`matches snapshot 1`] = `
<h4
  align="center"
  data-testid="errorDisplay"
  style={
    Object {
      "color": "#F44336",
    }
  }
>
  Error: 
  error
</h4>
`;
