// Jest Snapshot v1, https://goo.gl/fbAQLP

exports[`matches snapshot 1`] = `
.c0 {
  position: relative;
  padding: 20px;
}

.c1 {
  padding-right: 10px;
  width: 20px;
}

.c2 {
  width: calc(100% - 25px);
  display: inline-block;
}

<td
  className="c0"
  data-testid="dataCellCampaignId"
>
  <svg
    aria-hidden="true"
    className="svg-inline--fa fa-angle-right fa-w-8 fa-lg c1"
    color="#3F51B5"
    data-icon="angle-right"
    data-prefix="fas"
    focusable="false"
    role="img"
    style={Object {}}
    viewBox="0 0 256 512"
    xmlns="http://www.w3.org/2000/svg"
  >
    <path
      d="M224.3 273l-136 136c-9.4 9.4-24.6 9.4-33.9 0l-22.6-22.6c-9.4-9.4-9.4-24.6 0-33.9l96.4-96.4-96.4-96.4c-9.4-9.4-9.4-24.6 0-33.9L54.3 103c9.4-9.4 24.6-9.4 33.9 0l136 136c9.5 9.4 9.5 24.6.1 34z"
      fill="currentColor"
      style={Object {}}
    />
  </svg>
  <span
    className="c2"
  >
    campaign id text
  </span>
</td>
`;
